// Jest Snapshot v1, https://goo.gl/fbAQLP

exports[`ProblemTypeSelect snapshot DROPDOWN 1`] = `
<SelectableBox.Set
  columns={1}
  onChange={[Function]}
  type="radio"
  value="optionresponse"
>
  <SelectableBox
    aria-label="checkbox"
    type="radio"
    value="multiplechoiceresponse"
  >
    Single Select Problem
  </SelectableBox>
  <SelectableBox
    aria-label="checkbox"
    type="radio"
    value="choiceresponse"
  >
    Multi Select Problem
  </SelectableBox>
  <SelectableBox
    aria-label="checkbox"
    type="radio"
    value="optionresponse"
  >
    Dropdown Problem
  </SelectableBox>
  <SelectableBox
    aria-label="checkbox"
    type="radio"
    value="numericalresponse"
  >
    Numeric Response Problem
  </SelectableBox>
  <SelectableBox
    aria-label="checkbox"
    type="radio"
    value="stringresponse"
  >
    Text Input Problem
  </SelectableBox>
</SelectableBox.Set>
`;

exports[`ProblemTypeSelect snapshot MULTISELECT 1`] = `
<SelectableBox.Set
  columns={1}
  onChange={[Function]}
  type="radio"
  value="choiceresponse"
>
  <SelectableBox
    aria-label="checkbox"
    type="radio"
    value="multiplechoiceresponse"
  >
    Single Select Problem
  </SelectableBox>
  <SelectableBox
    aria-label="checkbox"
    type="radio"
    value="choiceresponse"
  >
    Multi Select Problem
  </SelectableBox>
  <SelectableBox
    aria-label="checkbox"
    type="radio"
    value="optionresponse"
  >
    Dropdown Problem
  </SelectableBox>
  <SelectableBox
    aria-label="checkbox"
    type="radio"
    value="numericalresponse"
  >
    Numeric Response Problem
  </SelectableBox>
  <SelectableBox
    aria-label="checkbox"
    type="radio"
    value="stringresponse"
  >
    Text Input Problem
  </SelectableBox>
</SelectableBox.Set>
`;

exports[`ProblemTypeSelect snapshot NUMERIC 1`] = `
<SelectableBox.Set
  columns={1}
  onChange={[Function]}
  type="radio"
  value="numericalresponse"
>
  <SelectableBox
    aria-label="checkbox"
    type="radio"
    value="multiplechoiceresponse"
  >
    Single Select Problem
  </SelectableBox>
  <SelectableBox
    aria-label="checkbox"
    type="radio"
    value="choiceresponse"
  >
    Multi Select Problem
  </SelectableBox>
  <SelectableBox
    aria-label="checkbox"
    type="radio"
    value="optionresponse"
  >
    Dropdown Problem
  </SelectableBox>
  <SelectableBox
    aria-label="checkbox"
    type="radio"
    value="numericalresponse"
  >
    Numeric Response Problem
  </SelectableBox>
  <SelectableBox
    aria-label="checkbox"
    type="radio"
    value="stringresponse"
  >
    Text Input Problem
  </SelectableBox>
</SelectableBox.Set>
`;

exports[`ProblemTypeSelect snapshot SINGLESELECT 1`] = `
<SelectableBox.Set
  columns={1}
  onChange={[Function]}
  type="radio"
  value="multiplechoiceresponse"
>
  <SelectableBox
    aria-label="checkbox"
    type="radio"
    value="multiplechoiceresponse"
  >
    Single Select Problem
  </SelectableBox>
  <SelectableBox
    aria-label="checkbox"
    type="radio"
    value="choiceresponse"
  >
    Multi Select Problem
  </SelectableBox>
  <SelectableBox
    aria-label="checkbox"
    type="radio"
    value="optionresponse"
  >
    Dropdown Problem
  </SelectableBox>
  <SelectableBox
    aria-label="checkbox"
    type="radio"
    value="numericalresponse"
  >
    Numeric Response Problem
  </SelectableBox>
  <SelectableBox
    aria-label="checkbox"
    type="radio"
    value="stringresponse"
  >
    Text Input Problem
  </SelectableBox>
</SelectableBox.Set>
`;

exports[`ProblemTypeSelect snapshot TEXTINPUT 1`] = `
<SelectableBox.Set
  columns={1}
  onChange={[Function]}
  type="radio"
  value="stringresponse"
>
  <SelectableBox
    aria-label="checkbox"
    type="radio"
    value="multiplechoiceresponse"
  >
    Single Select Problem
  </SelectableBox>
  <SelectableBox
    aria-label="checkbox"
    type="radio"
    value="choiceresponse"
  >
    Multi Select Problem
  </SelectableBox>
  <SelectableBox
    aria-label="checkbox"
    type="radio"
    value="optionresponse"
  >
    Dropdown Problem
  </SelectableBox>
  <SelectableBox
    aria-label="checkbox"
    type="radio"
    value="numericalresponse"
  >
    Numeric Response Problem
  </SelectableBox>
  <SelectableBox
    aria-label="checkbox"
    type="radio"
    value="stringresponse"
  >
    Text Input Problem
  </SelectableBox>
</SelectableBox.Set>
`;
