// Jest Snapshot v1, https://goo.gl/fbAQLP

exports[`SettingsOption render snapshot: renders correct 1`] = `
<Card
  className=" settingsOption border border-light-700 shadow-none"
>
  <Card.Section
    className="settingsCardTitleSection"
  >
    <Advanced
      onToggle={[Function]}
      open={false}
    >
      <Trigger
        className="collapsible-trigger d-flex"
      >
        <span
          className="flex-grow-1 text-primary-500 x-small"
        >
          Settings Option Title
        </span>
        <Visible
          whenClosed={true}
        >
          <Icon />
        </Visible>
        <Visible
          whenOpen={true}
        >
          <Icon />
        </Visible>
      </Trigger>
    </Advanced>
  </Card.Section>
  <CardSection
    isCardCollapsibleOpen={false}
    none={false}
    summary="Settings Option Summary"
  >
    <h1>
      My test content
    </h1>
  </CardSection>
</Card>
`;
