// Jest Snapshot v1, https://goo.gl/fbAQLP

exports[`SettingsOption render snapshot: renders correct 1`] = `
<Card>
  <Card.Section
    className="settingsCardTitleSection"
  >
    <Collapsible.Advanced
      onToggle={[Function]}
      open={false}
    >
      <Collapsible.Trigger
        className="collapsible-trigger d-flex"
      >
        <span
          className="flex-grow-1"
        >
          Settings Option Title
        </span>
        <Collapsible.Visible
          whenClosed={true}
        >
          <Icon />
        </Collapsible.Visible>
        <Collapsible.Visible
          whenOpen={true}
        >
          <Icon />
        </Collapsible.Visible>
      </Collapsible.Trigger>
    </Collapsible.Advanced>
  </Card.Section>
  <Card.Section>
    <Collapsible.Advanced
      open={true}
    >
      <Collapsible.Body
        className="collapsible-body"
      >
        <span>
          Settings Option Summary
        </span>
      </Collapsible.Body>
    </Collapsible.Advanced>
    <Collapsible.Advanced
      open={false}
    >
      <Collapsible.Body
        className="collapsible-body"
      >
        <h1>
          My test content
        </h1>
      </Collapsible.Body>
    </Collapsible.Advanced>
  </Card.Section>
</Card>
`;
