// Jest Snapshot v1, https://goo.gl/fbAQLP

exports[`SelectTypeModal snapshot 1`] = `
<SelectTypeWrapper
  onClose={[MockFunction]}
  selected="mOcKsELEcted"
>
  <Row
    className="justify-content-center align-items-center"
  >
    <Col>
      <InjectIntl(ShimmedIntlComponent)
        selected="mOcKsELEcted"
        setSelected={[MockFunction setSelected]}
      />
    </Col>
    <Col>
      <InjectIntl(ShimmedIntlComponent)
        problemType="mOcKsELEcted"
      />
    </Col>
  </Row>
</SelectTypeWrapper>
`;
