// Jest Snapshot v1, https://goo.gl/fbAQLP

exports[`TypeCard snapshot snapshot: renders type setting card 1`] = `
<SettingsOption
  summary="Text Input Problem"
  title="Type"
>
  <TypeRow
    key="0"
    label="Single Select Problem"
    lastRow={false}
    selected={true}
    typeKey="multiplechoiceresponse"
    updateField={[MockFunction args.updateField]}
  />
  <TypeRow
    key="1"
    label="Multi Select Problem"
    lastRow={false}
    selected={true}
    typeKey="choiceresponse"
    updateField={[MockFunction args.updateField]}
  />
  <TypeRow
    key="2"
    label="Dropdown Problem"
    lastRow={false}
    selected={true}
    typeKey="optionresponse"
    updateField={[MockFunction args.updateField]}
  />
  <TypeRow
    key="3"
    label="Numeric Response Problem"
    lastRow={false}
    selected={true}
    typeKey="numericalresponse"
    updateField={[MockFunction args.updateField]}
  />
  <TypeRow
    key="4"
    label="Text Input Problem"
    lastRow={false}
    selected={false}
    typeKey="stringresponse"
    updateField={[MockFunction args.updateField]}
  />
  <TypeRow
    key="5"
    label="Advanced Problem"
    lastRow={true}
    selected={true}
    typeKey="advanced"
    updateField={[MockFunction args.updateField]}
  />
</SettingsOption>
`;
