// Jest Snapshot v1, https://goo.gl/fbAQLP

exports[`FilteredBlock Component snapshot 1`] = `
<div>
  <button
    class="d-flex flex-column w-100 align-items-start p-3 btn btn-tertiary"
    data-testid="filtered-block-item"
    type="button"
  >
    <span
      class="h5 text-left"
    >
      Path / To
    </span>
    <span
      class="h3"
    >
      Block 1
    </span>
  </button>
</div>
`;
